[      80ms] [INFO] %cDownload the React DevTools for a better development experience: https://react.dev/link/react-devtools font-weight:bold @ http://localhost:30220/_next/static/chunks/node_modules_next_dist_115brz8._.js:2431
[      91ms] [LOG] [HMR] connected @ http://localhost:30220/_next/static/chunks/node_modules_next_dist_115brz8._.js:2431
[     109ms] [ERROR] Encountered a script tag while rendering React component. Scripts inside React components are never executed when rendering on the client. Consider using template tag instead (https://developer.mozilla.org/en-US/docs/Web/HTML/Element/template). @ http://localhost:30220/_next/static/chunks/node_modules_next_dist_115brz8._.js:3272
[     141ms] Error: Hydration failed because the server rendered HTML didn't match the client. As a result this tree will be regenerated on the client. This can happen if a SSR-ed Client Component used:

- A server/client branch `if (typeof window !== 'undefined')`.
- Variable input such as `Date.now()` or `Math.random()` which changes each time it's called.
- Date formatting in a user's locale which doesn't match the server.
- External changing data without sending a snapshot of it along with the HTML.
- Invalid HTML tag nesting.

It can also happen if the client has a browser extension installed which messes with the HTML before React loaded.

https://react.dev/link/hydration-mismatch

  ...
    <HTTPAccessFallbackErrorBoundary pathname="/" notFound={{...}} forbidden={undefined} unauthorized={undefined} ...>
      <RedirectBoundary>
        <RedirectErrorBoundary router={{...}}>
          <InnerLayoutRouter url="/" tree={[...]} params={{}} cacheNode={{rsc:{...}, ...}} segmentPath={[...]} ...>
            <SegmentViewNode type="layout" pagePath="(marketing...">
              <SegmentTrieNode>
              <script>
              <script>
              <script>
              <MarketingLayout>
                <div className="marketing-...">
                  <MarketingHeader>
                    <header className="sticky top...">
                      <div className="relative">
                        <div>
                        <div className="relative z...">
                          <div className="mx-auto fl...">
                            <LinkComponent>
                            <nav>
                            <div className="flex items...">
+                             <div className="flex items-center gap-2">
-                             <button
-                               type="button"
-                               className="inline-flex h-10 w-10 items-center justify-center rounded-full text-[var(--..."
-                               aria-label="Switch to light mode"
-                               title="Switch to light mode"
-                               tabindex="0"
-                             >
                              ...
                        ...
                  ...
          ...

    at throwOnHydrationMismatch (http://localhost:30220/_next/static/chunks/node_modules_next_dist_compiled_react-dom_058-ah~._.js:3318:56)
    at beginWork (http://localhost:30220/_next/static/chunks/node_modules_next_dist_compiled_react-dom_058-ah~._.js:6758:918)
    at runWithFiberInDEV (http://localhost:30220/_next/static/chunks/node_modules_next_dist_compiled_react-dom_058-ah~._.js:965:74)
    at performUnitOfWork (http://localhost:30220/_next/static/chunks/node_modules_next_dist_compiled_react-dom_058-ah~._.js:9555:97)
    at workLoopConcurrentByScheduler (http://localhost:30220/_next/static/chunks/node_modules_next_dist_compiled_react-dom_058-ah~._.js:9551:58)
    at renderRootConcurrent (http://localhost:30220/_next/static/chunks/node_modules_next_dist_compiled_react-dom_058-ah~._.js:9534:71)
    at performWorkOnRoot (http://localhost:30220/_next/static/chunks/node_modules_next_dist_compiled_react-dom_058-ah~._.js:9061:150)
    at performWorkOnRootViaSchedulerTask (http://localhost:30220/_next/static/chunks/node_modules_next_dist_compiled_react-dom_058-ah~._.js:10255:9)
    at MessagePort.performWorkUntilDeadline (http://localhost:30220/_next/static/chunks/node_modules_next_dist_compiled_0rpq4pf._.js:2647:64)
[     204ms] [LOG] [Fast Refresh] rebuilding @ http://localhost:30220/_next/static/chunks/node_modules_next_dist_115brz8._.js:2431
[     207ms] [LOG] [Fast Refresh] done in 105ms @ http://localhost:30220/_next/static/chunks/node_modules_next_dist_115brz8._.js:2431
[  127034ms] [ERROR] WebSocket connection to 'ws://localhost:30220/_next/webpack-hmr?id=_1yqaB_YtiI45dcBHsiog' failed: Error in connection establishment: net::ERR_CONNECTION_REFUSED @ http://localhost:30220/_next/static/chunks/node_modules_next_dist_client_0fhqo1d._.js:13299
[  128035ms] [ERROR] WebSocket connection to 'ws://localhost:30220/_next/webpack-hmr?id=_1yqaB_YtiI45dcBHsiog' failed: Error in connection establishment: net::ERR_CONNECTION_REFUSED @ http://localhost:30220/_next/static/chunks/node_modules_next_dist_client_0fhqo1d._.js:13299
[  129036ms] [ERROR] WebSocket connection to 'ws://localhost:30220/_next/webpack-hmr?id=_1yqaB_YtiI45dcBHsiog' failed: Error in connection establishment: net::ERR_CONNECTION_REFUSED @ http://localhost:30220/_next/static/chunks/node_modules_next_dist_client_0fhqo1d._.js:13299
[  130038ms] [ERROR] WebSocket connection to 'ws://localhost:30220/_next/webpack-hmr?id=_1yqaB_YtiI45dcBHsiog' failed: Error in connection establishment: net::ERR_CONNECTION_REFUSED @ http://localhost:30220/_next/static/chunks/node_modules_next_dist_client_0fhqo1d._.js:13299
[  131040ms] [ERROR] WebSocket connection to 'ws://localhost:30220/_next/webpack-hmr?id=_1yqaB_YtiI45dcBHsiog' failed: Error in connection establishment: net::ERR_CONNECTION_REFUSED @ http://localhost:30220/_next/static/chunks/node_modules_next_dist_client_0fhqo1d._.js:13299
[ 2962390ms] [INFO] %cDownload the React DevTools for a better development experience: https://react.dev/link/react-devtools font-weight:bold @ http://localhost:30220/_next/static/chunks/node_modules_next_dist_115brz8._.js:2431
[ 2962401ms] [LOG] [HMR] connected @ http://localhost:30220/_next/static/chunks/node_modules_next_dist_115brz8._.js:2431
[ 2962433ms] [ERROR] Encountered a script tag while rendering React component. Scripts inside React components are never executed when rendering on the client. Consider using template tag instead (https://developer.mozilla.org/en-US/docs/Web/HTML/Element/template). @ http://localhost:30220/_next/static/chunks/node_modules_next_dist_115brz8._.js:3272
[ 2962459ms] Error: Hydration failed because the server rendered HTML didn't match the client. As a result this tree will be regenerated on the client. This can happen if a SSR-ed Client Component used:

- A server/client branch `if (typeof window !== 'undefined')`.
- Variable input such as `Date.now()` or `Math.random()` which changes each time it's called.
- Date formatting in a user's locale which doesn't match the server.
- External changing data without sending a snapshot of it along with the HTML.
- Invalid HTML tag nesting.

It can also happen if the client has a browser extension installed which messes with the HTML before React loaded.

https://react.dev/link/hydration-mismatch

  ...
    <ErrorBoundary errorComponent={undefined} errorStyles={undefined} errorScripts={undefined}>
      <LoadingBoundary name="/" loading={null}>
        <HTTPAccessFallbackBoundary notFound={{...}} forbidden={undefined} unauthorized={undefined}>
          <HTTPAccessFallbackErrorBoundary pathname="/" notFound={{...}} forbidden={undefined} unauthorized={undefined} ...>
            <RedirectBoundary>
              <RedirectErrorBoundary router={{...}}>
                <InnerLayoutRouter url="/" tree={[...]} params={{}} cacheNode={{rsc:{...}, ...}} segmentPath={[...]} ...>
                  <SegmentViewNode type="layout" pagePath="(marketing...">
                    <SegmentTrieNode>
                    <script>
                    <script>
                    <script>
                    <MarketingLayout>
                      <div className="marketing-...">
                        <MarketingHeader>
                          <header className="sticky top...">
                            <div className="relative">
                              <div>
                              <div>
                              <div
                                className="pointer-events-none absolute -top-px inset-x-0 z-20 h-px"
                                style={{
+                                 opacity: 0
-                                 opacity: "0"
+                                 backdropFilter: "blur(6px) saturate(140%) brightness(102%) contrast(105%)"
+                                 WebkitBackdropFilter: "blur(6px) saturate(140%) brightness(102%) contrast(105%)"
+                                 maskImage: "linear-gradient(to top, rgba(255,255,255,1) 0%, rgba(255,255,255,0.35) 6..."
+                                 WebkitMaskImage: "linear-gradient(to top, rgba(255,255,255,1) 0%, rgba(255,255,255,0..."
+                                 filter: "blur(0.25px)"
-                                 filter: "blur(0.25px)"
-                                 backdrop-filter: "blur(7px) saturate(150%) brightness(104%) contrast(108%)"
-                                 mask-image: "linear-gradient(to top, rgb(255, 255, 255) 0%, rgba(255, 255, 255, 0.35..."
                                }}
                              >
                              <div
                                className="pointer-events-none absolute inset-x-0 top-full z-20 h-px"
                                style={{
+                                 opacity: 0
-                                 opacity: "0"
+                                 background: "color-mix(in srgb, var(--foreground) 18%, transparent)"
+                                 backdropFilter: "blur(7px) saturate(145%) brightness(103%)"
+                                 WebkitBackdropFilter: "blur(7px) saturate(145%) brightness(103%)"
+                                 maskImage: "linear-gradient(to bottom, black 0%, rgba(255,255,255,0.5) 60%, transpar..."
+                                 WebkitMaskImage: "linear-gradient(to bottom, black 0%, rgba(255,255,255,0.5) 60%, tr..."
-                                 background-image: ""
-                                 background-position-x: ""
-                                 background-position-y: ""
-                                 background-size: ""
-                                 background-repeat: ""
-                                 background-attachment: ""
-                                 background-origin: ""
-                                 background-clip: ""
-                                 background-color: ""
-                                 backdrop-filter: "blur(8px) saturate(155%) brightness(106%)"
-                                 mask-image: "linear-gradient(black 0%, rgba(255, 255, 255, 0.5) 60%, transparent 100%)"
                                }}
                              >
                        ...
                          <MarketingHeroBackground>
                            <div className="pointer-ev...">
                              <motion.div>
                              <motion.div>
                              <motion.div>
                              <motion.div className="absolute i..." animate={{rotateX:[...], ...}} ...>
                                <div
                                  className="absolute inset-x-[6%] top-[16%] h-[24rem] rounded-[3rem] border border-[r..."
                                  style={{
+                                   transform: "perspective(1400px) rotateX(9deg) rotateY(0deg) rotateZ(-1.35deg)"
-                                   transform: "perspective(1400px) rotateX(9deg) rotateY(0deg) rotateZ(-1.35deg)"
+                                   transformStyle: "preserve-3d"
+                                   borderBottomColor: "color-mix(in srgb, #000 78%, var(--panel) 22%)"
+                                   boxShadow: "inset 0 1px 0 rgba(255,255,255,0.3), 0 40px 90px -70px rgba(22,22,22,0..."
-                                   transform-style: "preserve-3d"
-                                   border-bottom-color: "color-mix(in srgb, var(--foreground) 18%, var(--background))"
-                                   box-shadow: "rgba(255, 255, 255, 0.3) 0px 1px 0px inset, rgba(22, 22, 22, 0.28) 0p..."
                                  }}
                                  ref={function useMotionRef.useCallback}
                                >
                                  <div>
                                  <motion.div className="absolute l..." animate={{y:[...], ...}} ...>
                                    <div
+                                     className="absolute left-[10%] top-[15%] flex h-14 w-14 items-center justify-cen..."
-                                     className="absolute left-[9%] top-[18%] h-px w-[30%] rounded-full bg-[linear-gra..."
                                      style={{}}
                                      ref={function useMotionRef.useCallback}
                                    >
                                  <motion.div className="absolute l..." animate={{y:[...], ...}} ...>
                                    <div
+                                     className="absolute left-[10%] top-[15%] h-14 w-14 rounded-2xl"
-                                     className="absolute right-[12%] top-[23%] h-[42%] w-px rounded-full bg-[linear-g..."
                                      style={{}}
                                      ref={function useMotionRef.useCallback}
                                    >
+                                     <div className="absolute left-4 top-4 h-1.5 w-1.5 rounded-full bg-[var(--accent)]">
                                      ...
                                  ...
                ...

    at throwOnHydrationMismatch (http://localhost:30220/_next/static/chunks/node_modules_next_dist_compiled_react-dom_058-ah~._.js:3318:56)
    at beginWork (http://localhost:30220/_next/static/chunks/node_modules_next_dist_compiled_react-dom_058-ah~._.js:6758:918)
    at runWithFiberInDEV (http://localhost:30220/_next/static/chunks/node_modules_next_dist_compiled_react-dom_058-ah~._.js:965:74)
    at performUnitOfWork (http://localhost:30220/_next/static/chunks/node_modules_next_dist_compiled_react-dom_058-ah~._.js:9555:97)
    at workLoopConcurrentByScheduler (http://localhost:30220/_next/static/chunks/node_modules_next_dist_compiled_react-dom_058-ah~._.js:9551:58)
    at renderRootConcurrent (http://localhost:30220/_next/static/chunks/node_modules_next_dist_compiled_react-dom_058-ah~._.js:9534:71)
    at performWorkOnRoot (http://localhost:30220/_next/static/chunks/node_modules_next_dist_compiled_react-dom_058-ah~._.js:9061:150)
    at performWorkOnRootViaSchedulerTask (http://localhost:30220/_next/static/chunks/node_modules_next_dist_compiled_react-dom_058-ah~._.js:10255:9)
    at MessagePort.performWorkUntilDeadline (http://localhost:30220/_next/static/chunks/node_modules_next_dist_compiled_0rpq4pf._.js:2647:64)
[ 2966623ms] [LOG] [Fast Refresh] rebuilding @ http://localhost:30220/_next/static/chunks/node_modules_next_dist_115brz8._.js:2431
[ 2966652ms] [LOG] [Fast Refresh] done in 37ms @ http://localhost:30220/_next/static/chunks/node_modules_next_dist_115brz8._.js:2431
[ 2980865ms] [LOG] [Fast Refresh] rebuilding @ http://localhost:30220/_next/static/chunks/node_modules_next_dist_115brz8._.js:2431
[ 2980896ms] [LOG] [Fast Refresh] done in 46ms @ http://localhost:30220/_next/static/chunks/node_modules_next_dist_115brz8._.js:2431
[ 3261328ms] [LOG] [Fast Refresh] rebuilding @ http://localhost:30220/_next/static/chunks/node_modules_next_dist_115brz8._.js:2431
[ 3261358ms] [LOG] [Fast Refresh] done in 46ms @ http://localhost:30220/_next/static/chunks/node_modules_next_dist_115brz8._.js:2431
[13147622ms] [LOG] [Fast Refresh] rebuilding @ http://localhost:30220/_next/static/chunks/node_modules_next_dist_115brz8._.js:2431
[13147651ms] [LOG] [Fast Refresh] done in 89ms @ http://localhost:30220/_next/static/chunks/node_modules_next_dist_115brz8._.js:2431
[14531083ms] [LOG] [Fast Refresh] rebuilding @ http://localhost:30220/_next/static/chunks/node_modules_next_dist_115brz8._.js:2431
[14531097ms] [LOG] [Fast Refresh] done in 101ms @ http://localhost:30220/_next/static/chunks/node_modules_next_dist_115brz8._.js:2431
[14566103ms] [LOG] [Fast Refresh] rebuilding @ http://localhost:30220/_next/static/chunks/node_modules_next_dist_115brz8._.js:2431
[14566411ms] [LOG] [Fast Refresh] done in 348ms @ http://localhost:30220/_next/static/chunks/node_modules_next_dist_115brz8._.js:2431
[14566774ms] [LOG] [Fast Refresh] rebuilding @ http://localhost:30220/_next/static/chunks/node_modules_next_dist_115brz8._.js:2431
[14566789ms] [LOG] [Fast Refresh] done in 117ms @ http://localhost:30220/_next/static/chunks/node_modules_next_dist_115brz8._.js:2431
[14566966ms] [LOG] [Fast Refresh] rebuilding @ http://localhost:30220/_next/static/chunks/node_modules_next_dist_115brz8._.js:2431
[14567395ms] [LOG] [Fast Refresh] done in 532ms @ http://localhost:30220/_next/static/chunks/node_modules_next_dist_115brz8._.js:2431
[14567568ms] [LOG] [Fast Refresh] rebuilding @ http://localhost:30220/_next/static/chunks/node_modules_next_dist_115brz8._.js:2431
[14567722ms] [LOG] [Fast Refresh] done in 254ms @ http://localhost:30220/_next/static/chunks/node_modules_next_dist_115brz8._.js:2431
[14567907ms] [LOG] [Fast Refresh] rebuilding @ http://localhost:30220/_next/static/chunks/node_modules_next_dist_115brz8._.js:2431
[14568387ms] [LOG] [Fast Refresh] done in 581ms @ http://localhost:30220/_next/static/chunks/node_modules_next_dist_115brz8._.js:2431
[14612880ms] [LOG] [Fast Refresh] rebuilding @ http://localhost:30220/_next/static/chunks/node_modules_next_dist_115brz8._.js:2431
[14612977ms] [LOG] [Fast Refresh] done in 198ms @ http://localhost:30220/_next/static/chunks/node_modules_next_dist_115brz8._.js:2431
[14633676ms] [LOG] [Fast Refresh] rebuilding @ http://localhost:30220/_next/static/chunks/node_modules_next_dist_115brz8._.js:2431
[14634835ms] [LOG] [Fast Refresh] done in 1260ms @ http://localhost:30220/_next/static/chunks/node_modules_next_dist_115brz8._.js:2431
[14709624ms] [LOG] [Fast Refresh] rebuilding @ http://localhost:30220/_next/static/chunks/node_modules_next_dist_115brz8._.js:2431
[14709940ms] [ERROR] ./app/(marketing)/page.tsx:17:1
Module not found: Can't resolve '@/components/marketing-hero-background'
  15 | ...,
  16 | ...cide-react";
> 17 | ...arketingHeroBackground } from "@/components/marketing-hero-b...
     |    ^^^^^^^^^^^^^^^^^^^^^^^^^^^^^^^^^^^^^^^^^^^^^^^^^^^^^^^^^^^^^^^
  18 | ...arketingFooter } from "@/components/marketing-footer";
  19 | ...arketingSessionCta } from "@/components/marketing-session-cta";
  20 | ...

Import map: aliased to relative './components/marketing-hero-background' inside of [project]/

https://nextjs.org/docs/messages/module-not-found @ http://localhost:30220/_next/static/chunks/node_modules_next_dist_115brz8._.js:3272
[14709941ms] [ERROR] ./app/(marketing)/panel-study/page.tsx:2:1
Module not found: Can't resolve '@/components/marketing-hero-background'
  1 | ...e { Metadata } from "next";
> 2 | ...arketingHeroBackground } from "@/components/marketing-hero-ba...
    |    ^^^^^^^^^^^^^^^^^^^^^^^^^^^^^^^^^^^^^^^^^^^^^^^^^^^^^^^^^^^^^^^^
  3 | ...
  4 | ...st metadata: Metadata = {
  5 | ...Panel Study",

Import map: aliased to relative './components/marketing-hero-background' inside of [project]/

https://nextjs.org/docs/messages/module-not-found @ http://localhost:30220/_next/static/chunks/node_modules_next_dist_115brz8._.js:3272
[14710042ms] [LOG] [Fast Refresh] rebuilding @ http://localhost:30220/_next/static/chunks/node_modules_next_dist_115brz8._.js:2431
[14710203ms] [ERROR] ./app/(marketing)/page.tsx:17:1
Module not found: Can't resolve '@/components/marketing-hero-background'
  15 | ...,
  16 | ...cide-react";
> 17 | ...arketingHeroBackground } from "@/components/marketing-hero-b...
     |    ^^^^^^^^^^^^^^^^^^^^^^^^^^^^^^^^^^^^^^^^^^^^^^^^^^^^^^^^^^^^^^^
  18 | ...arketingFooter } from "@/components/marketing-footer";
  19 | ...arketingSessionCta } from "@/components/marketing-session-cta";
  20 | ...

Import map: aliased to relative './components/marketing-hero-background' inside of [project]/

https://nextjs.org/docs/messages/module-not-found @ http://localhost:30220/_next/static/chunks/node_modules_next_dist_115brz8._.js:3272
[14710203ms] [ERROR] ./app/(marketing)/panel-study/page.tsx:2:1
Module not found: Can't resolve '@/components/marketing-hero-background'
  1 | ...e { Metadata } from "next";
> 2 | ...arketingHeroBackground } from "@/components/marketing-hero-ba...
    |    ^^^^^^^^^^^^^^^^^^^^^^^^^^^^^^^^^^^^^^^^^^^^^^^^^^^^^^^^^^^^^^^^
  3 | ...
  4 | ...st metadata: Metadata = {
  5 | ...Panel Study",

Import map: aliased to relative './components/marketing-hero-background' inside of [project]/

https://nextjs.org/docs/messages/module-not-found @ http://localhost:30220/_next/static/chunks/node_modules_next_dist_115brz8._.js:3272
[14710207ms] [ERROR] Failed to load resource: the server responded with a status of 500 (Internal Server Error) @ http://localhost:30220/?_rsc=1i9ea:0
[14710236ms] [ERROR] Failed to load resource: the server responded with a status of 500 (Internal Server Error) @ http://localhost:30220/?_rsc=1i9ea:0
[14710259ms] [ERROR] Failed to load resource: the server responded with a status of 500 (Internal Server Error) @ http://localhost:30220/:0
[14710330ms] [INFO] %cDownload the React DevTools for a better development experience: https://react.dev/link/react-devtools font-weight:bold @ http://localhost:30220/_next/static/chunks/node_modules_react-dom_0bruynb._.js:15305
[14710365ms] Error: ./app/(marketing)/page.tsx:17:1
Module not found: Can't resolve '@/components/marketing-hero-background'
  15 | ...,
  16 | ...cide-react";
> 17 | ...arketingHeroBackground } from "@/components/marketing-hero-b...
     |    ^^^^^^^^^^^^^^^^^^^^^^^^^^^^^^^^^^^^^^^^^^^^^^^^^^^^^^^^^^^^^^^
  18 | ...arketingFooter } from "@/components/marketing-footer";
  19 | ...arketingSessionCta } from "@/components/marketing-session-cta";
  20 | ...

Import map: aliased to relative './components/marketing-hero-background' inside of [project]/


https://nextjs.org/docs/messages/module-not-found


    at <unknown> (Error: ./app/(marketing)/page.tsx:17:1)
    at <unknown> (https://nextjs.org/docs/messages/module-not-found)
    at Object.getCompilationErrors (file:///Users/steven/Projects/summonflow/node_modules/next/dist/server/dev/hot-reloader-turbopack.js:1186:59)
    at DevBundlerService.getCompilationError (file:///Users/steven/Projects/summonflow/node_modules/next/dist/server/lib/dev-bundler-service.js:44:55)
    at DevServer.getCompilationError (file:///Users/steven/Projects/summonflow/node_modules/next/dist/server/dev/next-dev-server.js:719:42)
    at DevServer.findPageComponents (file:///Users/steven/Projects/summonflow/node_modules/next/dist/server/dev/next-dev-server.js:689:43)
    at async DevServer.renderErrorToResponseImpl (file:///Users/steven/Projects/summonflow/node_modules/next/dist/server/base-server.js:1745:26)
[14710364ms] [LOG] [HMR] connected @ http://localhost:30220/_next/static/chunks/node_modules_next_dist_0u_w_5s._.js:1226
[14710369ms] [ERROR] ./app/(marketing)/page.tsx:17:1
Module not found: Can't resolve '@/components/marketing-hero-background'
  15 | ...,
  16 | ...cide-react";
> 17 | ...arketingHeroBackground } from "@/components/marketing-hero-b...
     |    ^^^^^^^^^^^^^^^^^^^^^^^^^^^^^^^^^^^^^^^^^^^^^^^^^^^^^^^^^^^^^^^
  18 | ...arketingFooter } from "@/components/marketing-footer";
  19 | ...arketingSessionCta } from "@/components/marketing-session-cta";
  20 | ...

Import map: aliased to relative './components/marketing-hero-background' inside of [project]/

https://nextjs.org/docs/messages/module-not-found @ http://localhost:30220/_next/static/chunks/node_modules_next_dist_0u_w_5s._.js:1945
[14710370ms] [ERROR] ./app/(marketing)/panel-study/page.tsx:2:1
Module not found: Can't resolve '@/components/marketing-hero-background'
  1 | ...e { Metadata } from "next";
> 2 | ...arketingHeroBackground } from "@/components/marketing-hero-ba...
    |    ^^^^^^^^^^^^^^^^^^^^^^^^^^^^^^^^^^^^^^^^^^^^^^^^^^^^^^^^^^^^^^^^
  3 | ...
  4 | ...st metadata: Metadata = {
  5 | ...Panel Study",

Import map: aliased to relative './components/marketing-hero-background' inside of [project]/

https://nextjs.org/docs/messages/module-not-found @ http://localhost:30220/_next/static/chunks/node_modules_next_dist_0u_w_5s._.js:1945
[14710402ms] [ERROR] ./app/(marketing)/page.tsx:17:1
Module not found: Can't resolve '@/components/marketing-hero-background'
  15 | ...,
  16 | ...cide-react";
> 17 | ...arketingHeroBackground } from "@/components/marketing-hero-b...
     |    ^^^^^^^^^^^^^^^^^^^^^^^^^^^^^^^^^^^^^^^^^^^^^^^^^^^^^^^^^^^^^^^
  18 | ...arketingFooter } from "@/components/marketing-footer";
  19 | ...arketingSessionCta } from "@/components/marketing-session-cta";
  20 | ...

Import map: aliased to relative './components/marketing-hero-background' inside of [project]/

https://nextjs.org/docs/messages/module-not-found @ http://localhost:30220/_next/static/chunks/node_modules_next_dist_0u_w_5s._.js:1945
[14710402ms] [ERROR] ./app/(marketing)/panel-study/page.tsx:2:1
Module not found: Can't resolve '@/components/marketing-hero-background'
  1 | ...e { Metadata } from "next";
> 2 | ...arketingHeroBackground } from "@/components/marketing-hero-ba...
    |    ^^^^^^^^^^^^^^^^^^^^^^^^^^^^^^^^^^^^^^^^^^^^^^^^^^^^^^^^^^^^^^^^
  3 | ...
  4 | ...st metadata: Metadata = {
  5 | ...Panel Study",

Import map: aliased to relative './components/marketing-hero-background' inside of [project]/

https://nextjs.org/docs/messages/module-not-found @ http://localhost:30220/_next/static/chunks/node_modules_next_dist_0u_w_5s._.js:1945
[14710666ms] [ERROR] ./app/(marketing)/page.tsx:17:1
Module not found: Can't resolve '@/components/marketing-hero-background'
  15 | ...,
  16 | ...cide-react";
> 17 | ...arketingHeroBackground } from "@/components/marketing-hero-b...
     |    ^^^^^^^^^^^^^^^^^^^^^^^^^^^^^^^^^^^^^^^^^^^^^^^^^^^^^^^^^^^^^^^
  18 | ...arketingFooter } from "@/components/marketing-footer";
  19 | ...arketingSessionCta } from "@/components/marketing-session-cta";
  20 | ...

Import map: aliased to relative './components/marketing-hero-background' inside of [project]/

https://nextjs.org/docs/messages/module-not-found @ http://localhost:30220/_next/static/chunks/node_modules_next_dist_0u_w_5s._.js:1945
[14710666ms] [ERROR] ./app/(marketing)/panel-study/page.tsx:2:1
Module not found: Can't resolve '@/components/marketing-hero-background'
  1 | ...e { Metadata } from "next";
> 2 | ...arketingHeroBackground } from "@/components/marketing-hero-ba...
    |    ^^^^^^^^^^^^^^^^^^^^^^^^^^^^^^^^^^^^^^^^^^^^^^^^^^^^^^^^^^^^^^^^
  3 | ...
  4 | ...st metadata: Metadata = {
  5 | ...Panel Study",

Import map: aliased to relative './components/marketing-hero-background' inside of [project]/

https://nextjs.org/docs/messages/module-not-found @ http://localhost:30220/_next/static/chunks/node_modules_next_dist_0u_w_5s._.js:1945
[14710735ms] [LOG] [Fast Refresh] rebuilding @ http://localhost:30220/_next/static/chunks/node_modules_next_dist_0u_w_5s._.js:1226
[14752605ms] [LOG] [Fast Refresh] rebuilding @ http://localhost:30220/_next/static/chunks/node_modules_next_dist_0u_w_5s._.js:1226
[14752684ms] [WARNING] [Fast Refresh] performing full reload because your application had an unrecoverable error @ http://localhost:30220/_next/static/chunks/node_modules_next_dist_0u_w_5s._.js:1226
[14752685ms] [LOG] [Fast Refresh] done in 124ms @ http://localhost:30220/_next/static/chunks/node_modules_next_dist_0u_w_5s._.js:1226
[14752874ms] [INFO] %cDownload the React DevTools for a better development experience: https://react.dev/link/react-devtools font-weight:bold @ http://localhost:30220/_next/static/chunks/node_modules_next_dist_115brz8._.js:2431
[14752891ms] [LOG] [HMR] connected @ http://localhost:30220/_next/static/chunks/node_modules_next_dist_115brz8._.js:2431
[14753009ms] [LOG] [Fast Refresh] rebuilding @ http://localhost:30220/_next/static/chunks/node_modules_next_dist_115brz8._.js:2431
[14753068ms] [LOG] [Fast Refresh] done in 161ms @ http://localhost:30220/_next/static/chunks/node_modules_next_dist_115brz8._.js:2431
[14780723ms] [LOG] [Fast Refresh] rebuilding @ http://localhost:30220/_next/static/chunks/node_modules_next_dist_115brz8._.js:2431
[14780793ms] [LOG] [Fast Refresh] done in 74ms @ http://localhost:30220/_next/static/chunks/node_modules_next_dist_115brz8._.js:2431
[15072310ms] [LOG] [Fast Refresh] rebuilding @ http://localhost:30220/_next/static/chunks/node_modules_next_dist_115brz8._.js:2431
[15072350ms] [ERROR] Failed to load resource: the server responded with a status of 500 (Internal Server Error) @ http://localhost:30220/?_rsc=1i9ea:0
[15072364ms] [ERROR] Failed to load resource: the server responded with a status of 500 (Internal Server Error) @ http://localhost:30220/?_rsc=1i9ea:0
[15072385ms] [ERROR] Failed to load resource: the server responded with a status of 500 (Internal Server Error) @ http://localhost:30220/?_rsc=1i9ea:0
[15072394ms] [ERROR] Failed to load resource: the server responded with a status of 500 (Internal Server Error) @ http://localhost:30220/:0
[15072442ms] [INFO] %cDownload the React DevTools for a better development experience: https://react.dev/link/react-devtools font-weight:bold @ http://localhost:30220/_next/static/chunks/node_modules_react-dom_0bruynb._.js:15305
[15072471ms] Error: ./app/(marketing)/page.tsx:17:1
Module not found: Can't resolve '@/components/marketing-hero-background'
  15 | ...,
  16 | ...cide-react";
> 17 | ...arketingHeroBackground } from "@/components/marketing-hero-b...
     |    ^^^^^^^^^^^^^^^^^^^^^^^^^^^^^^^^^^^^^^^^^^^^^^^^^^^^^^^^^^^^^^^
  18 | ...arketingFooter } from "@/components/marketing-footer";
  19 | ...arketingSessionCta } from "@/components/marketing-session-cta";
  20 | ...

Import map: aliased to relative './components/marketing-hero-background' inside of [project]/


https://nextjs.org/docs/messages/module-not-found


    at <unknown> (Error: ./app/(marketing)/page.tsx:17:1)
    at <unknown> (https://nextjs.org/docs/messages/module-not-found)
    at Object.getCompilationErrors (file:///Users/steven/Projects/summonflow/node_modules/next/dist/server/dev/hot-reloader-turbopack.js:1186:59)
    at DevBundlerService.getCompilationError (file:///Users/steven/Projects/summonflow/node_modules/next/dist/server/lib/dev-bundler-service.js:44:55)
    at DevServer.getCompilationError (file:///Users/steven/Projects/summonflow/node_modules/next/dist/server/dev/next-dev-server.js:719:42)
    at DevServer.findPageComponents (file:///Users/steven/Projects/summonflow/node_modules/next/dist/server/dev/next-dev-server.js:689:43)
    at async DevServer.renderErrorToResponseImpl (file:///Users/steven/Projects/summonflow/node_modules/next/dist/server/base-server.js:1745:26)
[15072471ms] [LOG] [HMR] connected @ http://localhost:30220/_next/static/chunks/node_modules_next_dist_0u_w_5s._.js:1226
[15072473ms] [ERROR] ./app/(marketing)/page.tsx:17:1
Module not found: Can't resolve '@/components/marketing-hero-background'
  15 | ...,
  16 | ...cide-react";
> 17 | ...arketingHeroBackground } from "@/components/marketing-hero-b...
     |    ^^^^^^^^^^^^^^^^^^^^^^^^^^^^^^^^^^^^^^^^^^^^^^^^^^^^^^^^^^^^^^^
  18 | ...arketingFooter } from "@/components/marketing-footer";
  19 | ...arketingSessionCta } from "@/components/marketing-session-cta";
  20 | ...

Import map: aliased to relative './components/marketing-hero-background' inside of [project]/

https://nextjs.org/docs/messages/module-not-found @ http://localhost:30220/_next/static/chunks/node_modules_next_dist_0u_w_5s._.js:1945
[15072473ms] [ERROR] ./app/(marketing)/panel-study/page.tsx:2:1
Module not found: Can't resolve '@/components/marketing-hero-background'
  1 | ...e { Metadata } from "next";
> 2 | ...arketingHeroBackground } from "@/components/marketing-hero-ba...
    |    ^^^^^^^^^^^^^^^^^^^^^^^^^^^^^^^^^^^^^^^^^^^^^^^^^^^^^^^^^^^^^^^^
  3 | ...
  4 | ...st metadata: Metadata = {
  5 | ...Panel Study",

Import map: aliased to relative './components/marketing-hero-background' inside of [project]/

https://nextjs.org/docs/messages/module-not-found @ http://localhost:30220/_next/static/chunks/node_modules_next_dist_0u_w_5s._.js:1945
[15072504ms] [ERROR] ./app/(marketing)/page.tsx:17:1
Module not found: Can't resolve '@/components/marketing-hero-background'
  15 | ...,
  16 | ...cide-react";
> 17 | ...arketingHeroBackground } from "@/components/marketing-hero-b...
     |    ^^^^^^^^^^^^^^^^^^^^^^^^^^^^^^^^^^^^^^^^^^^^^^^^^^^^^^^^^^^^^^^
  18 | ...arketingFooter } from "@/components/marketing-footer";
  19 | ...arketingSessionCta } from "@/components/marketing-session-cta";
  20 | ...

Import map: aliased to relative './components/marketing-hero-background' inside of [project]/

https://nextjs.org/docs/messages/module-not-found @ http://localhost:30220/_next/static/chunks/node_modules_next_dist_0u_w_5s._.js:1945
[15072504ms] [ERROR] ./app/(marketing)/panel-study/page.tsx:2:1
Module not found: Can't resolve '@/components/marketing-hero-background'
  1 | ...e { Metadata } from "next";
> 2 | ...arketingHeroBackground } from "@/components/marketing-hero-ba...
    |    ^^^^^^^^^^^^^^^^^^^^^^^^^^^^^^^^^^^^^^^^^^^^^^^^^^^^^^^^^^^^^^^^
  3 | ...
  4 | ...st metadata: Metadata = {
  5 | ...Panel Study",

Import map: aliased to relative './components/marketing-hero-background' inside of [project]/

https://nextjs.org/docs/messages/module-not-found @ http://localhost:30220/_next/static/chunks/node_modules_next_dist_0u_w_5s._.js:1945
[15100109ms] [LOG] [Fast Refresh] rebuilding @ http://localhost:30220/_next/static/chunks/node_modules_next_dist_0u_w_5s._.js:1226
[15100131ms] [WARNING] [Fast Refresh] performing full reload because your application had an unrecoverable error @ http://localhost:30220/_next/static/chunks/node_modules_next_dist_0u_w_5s._.js:1226
[15100218ms] [LOG] [Fast Refresh] done in 77ms @ http://localhost:30220/_next/static/chunks/node_modules_next_dist_0u_w_5s._.js:1226
[15100483ms] [INFO] %cDownload the React DevTools for a better development experience: https://react.dev/link/react-devtools font-weight:bold @ http://localhost:30220/_next/static/chunks/node_modules_next_dist_115brz8._.js:2431
[15100505ms] [LOG] [HMR] connected @ http://localhost:30220/_next/static/chunks/node_modules_next_dist_115brz8._.js:2431
[15100615ms] [LOG] [Fast Refresh] rebuilding @ http://localhost:30220/_next/static/chunks/node_modules_next_dist_115brz8._.js:2431
[15100682ms] [LOG] [Fast Refresh] done in 167ms @ http://localhost:30220/_next/static/chunks/node_modules_next_dist_115brz8._.js:2431
[15112780ms] [LOG] [Fast Refresh] rebuilding @ http://localhost:30220/_next/static/chunks/node_modules_next_dist_115brz8._.js:2431
[15112841ms] [LOG] [Fast Refresh] done in 60ms @ http://localhost:30220/_next/static/chunks/node_modules_next_dist_115brz8._.js:2431
[16090895ms] [LOG] [Fast Refresh] rebuilding @ http://localhost:30220/_next/static/chunks/node_modules_next_dist_115brz8._.js:2431
[16090897ms] [LOG] [Fast Refresh] done in 103ms @ http://localhost:30220/_next/static/chunks/node_modules_next_dist_115brz8._.js:2431
[16117781ms] [LOG] [Fast Refresh] rebuilding @ http://localhost:30220/_next/static/chunks/node_modules_next_dist_115brz8._.js:2431
[16117829ms] [ERROR] Failed to load resource: the server responded with a status of 500 (Internal Server Error) @ http://localhost:30220/?_rsc=1i9ea:0
[16117849ms] [ERROR] Failed to load resource: the server responded with a status of 500 (Internal Server Error) @ http://localhost:30220/?_rsc=1i9ea:0
[16117884ms] [ERROR] Failed to load resource: the server responded with a status of 500 (Internal Server Error) @ http://localhost:30220/:0
[16117930ms] [INFO] %cDownload the React DevTools for a better development experience: https://react.dev/link/react-devtools font-weight:bold @ http://localhost:30220/_next/static/chunks/node_modules_react-dom_0bruynb._.js:15305
[16117960ms] Error: ./app/(marketing)/page.tsx:17:1
Module not found: Can't resolve '@/components/marketing-hero-background'
  15 | ...,
  16 | ...cide-react";
> 17 | ...arketingHeroBackground } from "@/components/marketing-hero-b...
     |    ^^^^^^^^^^^^^^^^^^^^^^^^^^^^^^^^^^^^^^^^^^^^^^^^^^^^^^^^^^^^^^^
  18 | ...arketingFooter } from "@/components/marketing-footer";
  19 | ...arketingSessionCta } from "@/components/marketing-session-cta";
  20 | ...

Import map: aliased to relative './components/marketing-hero-background' inside of [project]/


https://nextjs.org/docs/messages/module-not-found


    at <unknown> (Error: ./app/(marketing)/page.tsx:17:1)
    at <unknown> (https://nextjs.org/docs/messages/module-not-found)
    at Object.getCompilationErrors (file:///Users/steven/Projects/summonflow/node_modules/next/dist/server/dev/hot-reloader-turbopack.js:1186:59)
    at DevBundlerService.getCompilationError (file:///Users/steven/Projects/summonflow/node_modules/next/dist/server/lib/dev-bundler-service.js:44:55)
    at DevServer.getCompilationError (file:///Users/steven/Projects/summonflow/node_modules/next/dist/server/dev/next-dev-server.js:719:42)
    at DevServer.findPageComponents (file:///Users/steven/Projects/summonflow/node_modules/next/dist/server/dev/next-dev-server.js:689:43)
    at async DevServer.renderErrorToResponseImpl (file:///Users/steven/Projects/summonflow/node_modules/next/dist/server/base-server.js:1745:26)
[16117958ms] [LOG] [HMR] connected @ http://localhost:30220/_next/static/chunks/node_modules_next_dist_0u_w_5s._.js:1226
[16117960ms] [ERROR] ./app/(marketing)/page.tsx:17:1
Module not found: Can't resolve '@/components/marketing-hero-background'
  15 | ...,
  16 | ...cide-react";
> 17 | ...arketingHeroBackground } from "@/components/marketing-hero-b...
     |    ^^^^^^^^^^^^^^^^^^^^^^^^^^^^^^^^^^^^^^^^^^^^^^^^^^^^^^^^^^^^^^^
  18 | ...arketingFooter } from "@/components/marketing-footer";
  19 | ...arketingSessionCta } from "@/components/marketing-session-cta";
  20 | ...

Import map: aliased to relative './components/marketing-hero-background' inside of [project]/

https://nextjs.org/docs/messages/module-not-found @ http://localhost:30220/_next/static/chunks/node_modules_next_dist_0u_w_5s._.js:1945
[16117960ms] [ERROR] ./app/(marketing)/panel-study/page.tsx:2:1
Module not found: Can't resolve '@/components/marketing-hero-background'
  1 | ...e { Metadata } from "next";
> 2 | ...arketingHeroBackground } from "@/components/marketing-hero-ba...
    |    ^^^^^^^^^^^^^^^^^^^^^^^^^^^^^^^^^^^^^^^^^^^^^^^^^^^^^^^^^^^^^^^^
  3 | ...
  4 | ...st metadata: Metadata = {
  5 | ...Panel Study",

Import map: aliased to relative './components/marketing-hero-background' inside of [project]/

https://nextjs.org/docs/messages/module-not-found @ http://localhost:30220/_next/static/chunks/node_modules_next_dist_0u_w_5s._.js:1945
[16117999ms] [ERROR] ./app/(marketing)/page.tsx:17:1
Module not found: Can't resolve '@/components/marketing-hero-background'
  15 | ...,
  16 | ...cide-react";
> 17 | ...arketingHeroBackground } from "@/components/marketing-hero-b...
     |    ^^^^^^^^^^^^^^^^^^^^^^^^^^^^^^^^^^^^^^^^^^^^^^^^^^^^^^^^^^^^^^^
  18 | ...arketingFooter } from "@/components/marketing-footer";
  19 | ...arketingSessionCta } from "@/components/marketing-session-cta";
  20 | ...

Import map: aliased to relative './components/marketing-hero-background' inside of [project]/

https://nextjs.org/docs/messages/module-not-found @ http://localhost:30220/_next/static/chunks/node_modules_next_dist_0u_w_5s._.js:1945
[16117999ms] [ERROR] ./app/(marketing)/panel-study/page.tsx:2:1
Module not found: Can't resolve '@/components/marketing-hero-background'
  1 | ...e { Metadata } from "next";
> 2 | ...arketingHeroBackground } from "@/components/marketing-hero-ba...
    |    ^^^^^^^^^^^^^^^^^^^^^^^^^^^^^^^^^^^^^^^^^^^^^^^^^^^^^^^^^^^^^^^^
  3 | ...
  4 | ...st metadata: Metadata = {
  5 | ...Panel Study",

Import map: aliased to relative './components/marketing-hero-background' inside of [project]/

https://nextjs.org/docs/messages/module-not-found @ http://localhost:30220/_next/static/chunks/node_modules_next_dist_0u_w_5s._.js:1945
[16118044ms] [ERROR] ./app/(marketing)/page.tsx:17:1
Module not found: Can't resolve '@/components/marketing-hero-background'
  15 | ...,
  16 | ...cide-react";
> 17 | ...arketingHeroBackground } from "@/components/marketing-hero-b...
     |    ^^^^^^^^^^^^^^^^^^^^^^^^^^^^^^^^^^^^^^^^^^^^^^^^^^^^^^^^^^^^^^^
  18 | ...arketingFooter } from "@/components/marketing-footer";
  19 | ...arketingSessionCta } from "@/components/marketing-session-cta";
  20 | ...

Import map: aliased to relative './components/marketing-hero-background' inside of [project]/

https://nextjs.org/docs/messages/module-not-found @ http://localhost:30220/_next/static/chunks/node_modules_next_dist_0u_w_5s._.js:1945
[16118044ms] [ERROR] ./app/(marketing)/panel-study/page.tsx:2:1
Module not found: Can't resolve '@/components/marketing-hero-background'
  1 | ...e { Metadata } from "next";
> 2 | ...arketingHeroBackground } from "@/components/marketing-hero-ba...
    |    ^^^^^^^^^^^^^^^^^^^^^^^^^^^^^^^^^^^^^^^^^^^^^^^^^^^^^^^^^^^^^^^^
  3 | ...
  4 | ...st metadata: Metadata = {
  5 | ...Panel Study",

Import map: aliased to relative './components/marketing-hero-background' inside of [project]/

https://nextjs.org/docs/messages/module-not-found @ http://localhost:30220/_next/static/chunks/node_modules_next_dist_0u_w_5s._.js:1945
[16118112ms] [LOG] [Fast Refresh] rebuilding @ http://localhost:30220/_next/static/chunks/node_modules_next_dist_0u_w_5s._.js:1226
[16151419ms] [LOG] [Fast Refresh] rebuilding @ http://localhost:30220/_next/static/chunks/node_modules_next_dist_0u_w_5s._.js:1226
[16151510ms] [LOG] [Fast Refresh] done in 81ms @ http://localhost:30220/_next/static/chunks/node_modules_next_dist_0u_w_5s._.js:1226
[16151770ms] [INFO] %cDownload the React DevTools for a better development experience: https://react.dev/link/react-devtools font-weight:bold @ http://localhost:30220/_next/static/chunks/node_modules_next_dist_115brz8._.js:2431
[16151790ms] [LOG] [HMR] connected @ http://localhost:30220/_next/static/chunks/node_modules_next_dist_115brz8._.js:2431
[16151906ms] [LOG] [Fast Refresh] rebuilding @ http://localhost:30220/_next/static/chunks/node_modules_next_dist_115brz8._.js:2431
[16152037ms] [LOG] [Fast Refresh] done in 231ms @ http://localhost:30220/_next/static/chunks/node_modules_next_dist_115brz8._.js:2431
[16443894ms] [LOG] [Fast Refresh] rebuilding @ http://localhost:30220/_next/static/chunks/node_modules_next_dist_115brz8._.js:2431
[16443922ms] [LOG] [Fast Refresh] done in 67ms @ http://localhost:30220/_next/static/chunks/node_modules_next_dist_115brz8._.js:2431
[16468921ms] [LOG] [Fast Refresh] rebuilding @ http://localhost:30220/_next/static/chunks/node_modules_next_dist_115brz8._.js:2431
[16469314ms] [LOG] [Fast Refresh] done in 217ms @ http://localhost:30220/_next/static/chunks/node_modules_next_dist_115brz8._.js:2431
[16469316ms] [LOG] [Fast Refresh] rebuilding @ http://localhost:30220/_next/static/chunks/node_modules_next_dist_115brz8._.js:2431
[16469405ms] [LOG] [Fast Refresh] done in 83ms @ http://localhost:30220/_next/static/chunks/node_modules_next_dist_115brz8._.js:2431
[16469532ms] [LOG] [Fast Refresh] rebuilding @ http://localhost:30220/_next/static/chunks/node_modules_next_dist_115brz8._.js:2431
[16469687ms] ReferenceError: Link is not defined
    at HeroDirectionCarousel (http://localhost:30220/_next/static/chunks/components_0-s6ufu._.js?id=%255Bproject%255D%252Fcomponents%252Fhero-direction-carousel.tsx+%255Bapp-client%255D+%2528ecmascript%2529:1552:240)
    at Object.react_stack_bottom_frame (http://localhost:30220/_next/static/chunks/node_modules_next_dist_compiled_react-dom_058-ah~._.js:15037:24)
    at renderWithHooks (http://localhost:30220/_next/static/chunks/node_modules_next_dist_compiled_react-dom_058-ah~._.js:4620:24)
    at updateFunctionComponent (http://localhost:30220/_next/static/chunks/node_modules_next_dist_compiled_react-dom_058-ah~._.js:6081:21)
    at beginWork (http://localhost:30220/_next/static/chunks/node_modules_next_dist_compiled_react-dom_058-ah~._.js:6665:639)
    at runWithFiberInDEV (http://localhost:30220/_next/static/chunks/node_modules_next_dist_compiled_react-dom_058-ah~._.js:965:74)
    at performUnitOfWork (http://localhost:30220/_next/static/chunks/node_modules_next_dist_compiled_react-dom_058-ah~._.js:9555:97)
    at workLoopSync (http://localhost:30220/_next/static/chunks/node_modules_next_dist_compiled_react-dom_058-ah~._.js:9449:40)
    at renderRootSync (http://localhost:30220/_next/static/chunks/node_modules_next_dist_compiled_react-dom_058-ah~._.js:9433:13)
    at performWorkOnRoot (http://localhost:30220/_next/static/chunks/node_modules_next_dist_compiled_react-dom_058-ah~._.js:9098:47)
    at performWorkOnRootViaSchedulerTask (http://localhost:30220/_next/static/chunks/node_modules_next_dist_compiled_react-dom_058-ah~._.js:10255:9)
    at MessagePort.performWorkUntilDeadline (http://localhost:30220/_next/static/chunks/node_modules_next_dist_compiled_0rpq4pf._.js:2647:64)
[16469682ms] [LOG] [Fast Refresh] done in 250ms @ http://localhost:30220/_next/static/chunks/node_modules_next_dist_115brz8._.js:2431
[16488764ms] [LOG] [Fast Refresh] rebuilding @ http://localhost:30220/_next/static/chunks/node_modules_next_dist_115brz8._.js:2431
[16488767ms] [WARNING] [Fast Refresh] performing full reload because your application had an unrecoverable error @ http://localhost:30220/_next/static/chunks/node_modules_next_dist_115brz8._.js:2431
[16488934ms] [LOG] [Fast Refresh] done in 31ms @ http://localhost:30220/_next/static/chunks/node_modules_next_dist_115brz8._.js:2431
[16489030ms] [INFO] %cDownload the React DevTools for a better development experience: https://react.dev/link/react-devtools font-weight:bold @ http://localhost:30220/_next/static/chunks/node_modules_next_dist_115brz8._.js:2431
[16489042ms] [LOG] [HMR] connected @ http://localhost:30220/_next/static/chunks/node_modules_next_dist_115brz8._.js:2431
[16489162ms] [LOG] [Fast Refresh] rebuilding @ http://localhost:30220/_next/static/chunks/node_modules_next_dist_115brz8._.js:2431
[16489242ms] [LOG] [Fast Refresh] done in 181ms @ http://localhost:30220/_next/static/chunks/node_modules_next_dist_115brz8._.js:2431
[17458073ms] [LOG] [Fast Refresh] rebuilding @ http://localhost:30220/_next/static/chunks/node_modules_next_dist_115brz8._.js:2431
[17458318ms] [LOG] [Fast Refresh] done in 309ms @ http://localhost:30220/_next/static/chunks/node_modules_next_dist_115brz8._.js:2431
[17477250ms] [LOG] [Fast Refresh] rebuilding @ http://localhost:30220/_next/static/chunks/node_modules_next_dist_115brz8._.js:2431
[17477273ms] [LOG] [Fast Refresh] done in 32ms @ http://localhost:30220/_next/static/chunks/node_modules_next_dist_115brz8._.js:2431
[29079820ms] [LOG] [Fast Refresh] rebuilding @ http://localhost:30220/_next/static/chunks/node_modules_next_dist_115brz8._.js:2431
[29080121ms] [LOG] [Fast Refresh] done in 402ms @ http://localhost:30220/_next/static/chunks/node_modules_next_dist_115brz8._.js:2431
[29080223ms] [LOG] [Fast Refresh] rebuilding @ http://localhost:30220/_next/static/chunks/node_modules_next_dist_115brz8._.js:2431
[29080228ms] [LOG] [Fast Refresh] done in 107ms @ http://localhost:30220/_next/static/chunks/node_modules_next_dist_115brz8._.js:2431
[29080462ms] [LOG] [Fast Refresh] rebuilding @ http://localhost:30220/_next/static/chunks/node_modules_next_dist_115brz8._.js:2431
[29080476ms] [LOG] [Fast Refresh] done in 115ms @ http://localhost:30220/_next/static/chunks/node_modules_next_dist_115brz8._.js:2431
[29467166ms] [LOG] [Fast Refresh] rebuilding @ http://localhost:30220/_next/static/chunks/node_modules_next_dist_115brz8._.js:2431
[29467626ms] [LOG] [Fast Refresh] done in 563ms @ http://localhost:30220/_next/static/chunks/node_modules_next_dist_115brz8._.js:2431
[29763929ms] [LOG] [Fast Refresh] rebuilding @ http://localhost:30220/_next/static/chunks/node_modules_next_dist_115brz8._.js:2431
[29763943ms] [LOG] [Fast Refresh] done in 117ms @ http://localhost:30220/_next/static/chunks/node_modules_next_dist_115brz8._.js:2431
[29890698ms] [LOG] [Fast Refresh] rebuilding @ http://localhost:30220/_next/static/chunks/node_modules_next_dist_115brz8._.js:2431
[29890738ms] [LOG] [Fast Refresh] done in 116ms @ http://localhost:30220/_next/static/chunks/node_modules_next_dist_115brz8._.js:2431
[29956945ms] [LOG] [Fast Refresh] rebuilding @ http://localhost:30220/_next/static/chunks/node_modules_next_dist_115brz8._.js:2431
[29956971ms] [LOG] [Fast Refresh] done in 83ms @ http://localhost:30220/_next/static/chunks/node_modules_next_dist_115brz8._.js:2431
[30000971ms] [LOG] [Fast Refresh] rebuilding @ http://localhost:30220/_next/static/chunks/node_modules_next_dist_115brz8._.js:2431
[30001094ms] [LOG] [Fast Refresh] done in 166ms @ http://localhost:30220/_next/static/chunks/node_modules_next_dist_115brz8._.js:2431
[30001386ms] [LOG] [Fast Refresh] rebuilding @ http://localhost:30220/_next/static/chunks/node_modules_next_dist_115brz8._.js:2431
[30001392ms] [LOG] [Fast Refresh] done in 124ms @ http://localhost:30220/_next/static/chunks/node_modules_next_dist_115brz8._.js:2431
[30009441ms] [LOG] [Fast Refresh] rebuilding @ http://localhost:30220/_next/static/chunks/node_modules_next_dist_115brz8._.js:2431
[30009518ms] [LOG] [Fast Refresh] done in 178ms @ http://localhost:30220/_next/static/chunks/node_modules_next_dist_115brz8._.js:2431
[30193806ms] [LOG] [Fast Refresh] rebuilding @ http://localhost:30220/_next/static/chunks/node_modules_next_dist_115brz8._.js:2431
[30193835ms] [LOG] [Fast Refresh] done in 88ms @ http://localhost:30220/_next/static/chunks/node_modules_next_dist_115brz8._.js:2431
[30230720ms] [LOG] [Fast Refresh] rebuilding @ http://localhost:30220/_next/static/chunks/node_modules_next_dist_115brz8._.js:2431
[30230820ms] [LOG] [Fast Refresh] done in 202ms @ http://localhost:30220/_next/static/chunks/node_modules_next_dist_115brz8._.js:2431
[30279541ms] [LOG] [Fast Refresh] rebuilding @ http://localhost:30220/_next/static/chunks/node_modules_next_dist_115brz8._.js:2431
[30279570ms] [LOG] [Fast Refresh] done in 93ms @ http://localhost:30220/_next/static/chunks/node_modules_next_dist_115brz8._.js:2431
[30444335ms] [LOG] [Fast Refresh] rebuilding @ http://localhost:30220/_next/static/chunks/node_modules_next_dist_115brz8._.js:2431
[30444376ms] [LOG] [Fast Refresh] done in 88ms @ http://localhost:30220/_next/static/chunks/node_modules_next_dist_115brz8._.js:2431
[30592162ms] [LOG] [Fast Refresh] rebuilding @ http://localhost:30220/_next/static/chunks/node_modules_next_dist_115brz8._.js:2431
[30592208ms] [LOG] [Fast Refresh] done in 85ms @ http://localhost:30220/_next/static/chunks/node_modules_next_dist_115brz8._.js:2431
[30596835ms] [LOG] [Fast Refresh] rebuilding @ http://localhost:30220/_next/static/chunks/node_modules_next_dist_115brz8._.js:2431
[30596918ms] [LOG] [Fast Refresh] done in 183ms @ http://localhost:30220/_next/static/chunks/node_modules_next_dist_115brz8._.js:2431
[30756365ms] [LOG] [Fast Refresh] rebuilding @ http://localhost:30220/_next/static/chunks/node_modules_next_dist_115brz8._.js:2431
[30756497ms] [ERROR] ./app/(marketing)/page.tsx:14:3
the name `Users` is defined multiple times
  12 |   Code2,
  13 |   Activity,
> 14 |   Users,
     |   ^^^^^
  15 | } from "lucide-react";
  16 | import { MarketingFooter } from "@/components/marketing-footer";
  17 | import { MarketingHeroBackground } from "@/components/marketing...

Ecmascript file had an error @ http://localhost:30220/_next/static/chunks/node_modules_next_dist_115brz8._.js:3272
[30756533ms] [ERROR] Failed to load resource: the server responded with a status of 500 (Internal Server Error) @ http://localhost:30220/?_rsc=1i9ea:0
[30756557ms] [ERROR] Failed to load resource: the server responded with a status of 500 (Internal Server Error) @ http://localhost:30220/?_rsc=1i9ea:0
[30756582ms] [ERROR] Failed to load resource: the server responded with a status of 500 (Internal Server Error) @ http://localhost:30220/:0
[30756636ms] [INFO] %cDownload the React DevTools for a better development experience: https://react.dev/link/react-devtools font-weight:bold @ http://localhost:30220/_next/static/chunks/node_modules_react-dom_0bruynb._.js:15305
[30756667ms] Error: ./app/(marketing)/page.tsx:14:3
the name `Users` is defined multiple times
  12 |   Code2,
  13 |   Activity,
> 14 |   Users,
     |   ^^^^^
  15 | } from "lucide-react";
  16 | import { MarketingFooter } from "@/components/marketing-footer";
  17 | import { MarketingHeroBackground } from "@/components/marketing...

Ecmascript file had an error


    at <unknown> (Error: ./app/(marketing)/page.tsx:14:3)
    at Object.getCompilationErrors (file:///Users/steven/Projects/summonflow/node_modules/next/dist/server/dev/hot-reloader-turbopack.js:1186:59)
    at DevBundlerService.getCompilationError (file:///Users/steven/Projects/summonflow/node_modules/next/dist/server/lib/dev-bundler-service.js:44:55)
    at DevServer.getCompilationError (file:///Users/steven/Projects/summonflow/node_modules/next/dist/server/dev/next-dev-server.js:719:42)
    at DevServer.findPageComponents (file:///Users/steven/Projects/summonflow/node_modules/next/dist/server/dev/next-dev-server.js:689:43)
    at async DevServer.renderErrorToResponseImpl (file:///Users/steven/Projects/summonflow/node_modules/next/dist/server/base-server.js:1745:26)
[30756669ms] [LOG] [HMR] connected @ http://localhost:30220/_next/static/chunks/node_modules_next_dist_0u_w_5s._.js:1226
[30756683ms] [ERROR] ./app/(marketing)/page.tsx:14:3
the name `Users` is defined multiple times
  12 |   Code2,
  13 |   Activity,
> 14 |   Users,
     |   ^^^^^
  15 | } from "lucide-react";
  16 | import { MarketingFooter } from "@/components/marketing-footer";
  17 | import { MarketingHeroBackground } from "@/components/marketing...

Ecmascript file had an error @ http://localhost:30220/_next/static/chunks/node_modules_next_dist_0u_w_5s._.js:1945
[30756832ms] [ERROR] ./app/(marketing)/page.tsx:14:3
the name `Users` is defined multiple times
  12 |   Code2,
  13 |   Activity,
> 14 |   Users,
     |   ^^^^^
  15 | } from "lucide-react";
  16 | import { MarketingFooter } from "@/components/marketing-footer";
  17 | import { MarketingHeroBackground } from "@/components/marketing...

Ecmascript file had an error @ http://localhost:30220/_next/static/chunks/node_modules_next_dist_0u_w_5s._.js:1945
[30756952ms] [ERROR] ./app/(marketing)/page.tsx:14:3
the name `Users` is defined multiple times
  12 |   Code2,
  13 |   Activity,
> 14 |   Users,
     |   ^^^^^
  15 | } from "lucide-react";
  16 | import { MarketingFooter } from "@/components/marketing-footer";
  17 | import { MarketingHeroBackground } from "@/components/marketing...

Ecmascript file had an error @ http://localhost:30220/_next/static/chunks/node_modules_next_dist_0u_w_5s._.js:1945
[30757020ms] [LOG] [Fast Refresh] rebuilding @ http://localhost:30220/_next/static/chunks/node_modules_next_dist_0u_w_5s._.js:1226
[30791262ms] [LOG] [Fast Refresh] rebuilding @ http://localhost:30220/_next/static/chunks/node_modules_next_dist_0u_w_5s._.js:1226
[30791333ms] [LOG] [Fast Refresh] done in 21ms @ http://localhost:30220/_next/static/chunks/node_modules_next_dist_0u_w_5s._.js:1226
[30791553ms] [INFO] %cDownload the React DevTools for a better development experience: https://react.dev/link/react-devtools font-weight:bold @ http://localhost:30220/_next/static/chunks/node_modules_next_dist_115brz8._.js:2431
[30791577ms] [LOG] [HMR] connected @ http://localhost:30220/_next/static/chunks/node_modules_next_dist_115brz8._.js:2431
[30791694ms] [LOG] [Fast Refresh] rebuilding @ http://localhost:30220/_next/static/chunks/node_modules_next_dist_115brz8._.js:2431
[30791809ms] [LOG] [Fast Refresh] done in 216ms @ http://localhost:30220/_next/static/chunks/node_modules_next_dist_115brz8._.js:2431
[30872996ms] [LOG] [Fast Refresh] rebuilding @ http://localhost:30220/_next/static/chunks/node_modules_next_dist_115brz8._.js:2431
[30873339ms] [LOG] [Fast Refresh] done in 298ms @ http://localhost:30220/_next/static/chunks/node_modules_next_dist_115brz8._.js:2431
[30904690ms] [LOG] [Fast Refresh] rebuilding @ http://localhost:30220/_next/static/chunks/node_modules_next_dist_115brz8._.js:2431
[30904763ms] [LOG] [Fast Refresh] done in 175ms @ http://localhost:30220/_next/static/chunks/node_modules_next_dist_115brz8._.js:2431
[30979752ms] [LOG] [Fast Refresh] rebuilding @ http://localhost:30220/_next/static/chunks/node_modules_next_dist_115brz8._.js:2431
[30979834ms] [LOG] [Fast Refresh] done in 61ms @ http://localhost:30220/_next/static/chunks/node_modules_next_dist_115brz8._.js:2431
[30979936ms] [LOG] [Fast Refresh] rebuilding @ http://localhost:30220/_next/static/chunks/node_modules_next_dist_115brz8._.js:2431
[30979958ms] [LOG] [Fast Refresh] done in 123ms @ http://localhost:30220/_next/static/chunks/node_modules_next_dist_115brz8._.js:2431
[30979992ms] ReferenceError: Users is not defined
    at MarketingHome (about://React/Server/file:///Users/steven/Projects/summonflow/.next/dev/server/chunks/ssr/%5Broot-of-the-server%5D__017qax3._.js?442:1260:47)
    at resolveErrorDev (http://localhost:30220/_next/static/chunks/node_modules_next_dist_compiled_react-server-dom-turbopack_0p3wegg._.js:1919:105)
    at processFullStringRow (http://localhost:30220/_next/static/chunks/node_modules_next_dist_compiled_react-server-dom-turbopack_0p3wegg._.js:2434:29)
    at processFullBinaryRow (http://localhost:30220/_next/static/chunks/node_modules_next_dist_compiled_react-server-dom-turbopack_0p3wegg._.js:2393:9)
    at processBinaryChunk (http://localhost:30220/_next/static/chunks/node_modules_next_dist_compiled_react-server-dom-turbopack_0p3wegg._.js:2502:221)
    at progress (http://localhost:30220/_next/static/chunks/node_modules_next_dist_compiled_react-server-dom-turbopack_0p3wegg._.js:2689:13)
[31004364ms] [LOG] [Fast Refresh] rebuilding @ http://localhost:30220/_next/static/chunks/node_modules_next_dist_115brz8._.js:2431
[31004419ms] [LOG] [Fast Refresh] done in 34ms @ http://localhost:30220/_next/static/chunks/node_modules_next_dist_115brz8._.js:2431
[31004709ms] [INFO] %cDownload the React DevTools for a better development experience: https://react.dev/link/react-devtools font-weight:bold @ http://localhost:30220/_next/static/chunks/node_modules_next_dist_115brz8._.js:2431
[31004718ms] [LOG] [HMR] connected @ http://localhost:30220/_next/static/chunks/node_modules_next_dist_115brz8._.js:2431
[31004850ms] [LOG] [Fast Refresh] rebuilding @ http://localhost:30220/_next/static/chunks/node_modules_next_dist_115brz8._.js:2431
[31004952ms] [LOG] [Fast Refresh] done in 203ms @ http://localhost:30220/_next/static/chunks/node_modules_next_dist_115brz8._.js:2431
[31393947ms] [LOG] [Fast Refresh] rebuilding @ http://localhost:30220/_next/static/chunks/node_modules_next_dist_115brz8._.js:2431
[31393987ms] [LOG] [Fast Refresh] done in 34ms @ http://localhost:30220/_next/static/chunks/node_modules_next_dist_115brz8._.js:2431
[31592079ms] [LOG] [Fast Refresh] rebuilding @ http://localhost:30220/_next/static/chunks/node_modules_next_dist_115brz8._.js:2431
[31592129ms] [LOG] [Fast Refresh] done in 83ms @ http://localhost:30220/_next/static/chunks/node_modules_next_dist_115brz8._.js:2431
[31655478ms] [LOG] [Fast Refresh] rebuilding @ http://localhost:30220/_next/static/chunks/node_modules_next_dist_115brz8._.js:2431
[31655508ms] [LOG] [Fast Refresh] done in 42ms @ http://localhost:30220/_next/static/chunks/node_modules_next_dist_115brz8._.js:2431
[31741249ms] [LOG] [Fast Refresh] rebuilding @ http://localhost:30220/_next/static/chunks/node_modules_next_dist_115brz8._.js:2431
[31741316ms] [LOG] [Fast Refresh] done in 21ms @ http://localhost:30220/_next/static/chunks/node_modules_next_dist_115brz8._.js:2431
[31941004ms] [LOG] [Fast Refresh] rebuilding @ http://localhost:30220/_next/static/chunks/node_modules_next_dist_115brz8._.js:2431
[31941095ms] [LOG] [Fast Refresh] done in 191ms @ http://localhost:30220/_next/static/chunks/node_modules_next_dist_115brz8._.js:2431
[32724862ms] [LOG] [Fast Refresh] rebuilding @ http://localhost:30220/_next/static/chunks/node_modules_next_dist_115brz8._.js:2431
[32724892ms] [LOG] [Fast Refresh] done in 71ms @ http://localhost:30220/_next/static/chunks/node_modules_next_dist_115brz8._.js:2431
[33757705ms] [LOG] [Fast Refresh] rebuilding @ http://localhost:30220/_next/static/chunks/node_modules_next_dist_115brz8._.js:2431
[33757782ms] [LOG] [Fast Refresh] done in 126ms @ http://localhost:30220/_next/static/chunks/node_modules_next_dist_115brz8._.js:2431
[33842352ms] [LOG] [Fast Refresh] rebuilding @ http://localhost:30220/_next/static/chunks/node_modules_next_dist_115brz8._.js:2431
[33842413ms] [LOG] [Fast Refresh] done in 59ms @ http://localhost:30220/_next/static/chunks/node_modules_next_dist_115brz8._.js:2431
[33868211ms] [LOG] [Fast Refresh] rebuilding @ http://localhost:30220/_next/static/chunks/node_modules_next_dist_115brz8._.js:2431
[33868358ms] [LOG] [Fast Refresh] done in 248ms @ http://localhost:30220/_next/static/chunks/node_modules_next_dist_115brz8._.js:2431
[33985704ms] [LOG] [Fast Refresh] rebuilding @ http://localhost:30220/_next/static/chunks/node_modules_next_dist_115brz8._.js:2431
[33985759ms] [LOG] [Fast Refresh] done in 58ms @ http://localhost:30220/_next/static/chunks/node_modules_next_dist_115brz8._.js:2431
[34407608ms] [LOG] [Fast Refresh] rebuilding @ http://localhost:30220/_next/static/chunks/node_modules_next_dist_115brz8._.js:2431
[34407635ms] [LOG] [Fast Refresh] done in 56ms @ http://localhost:30220/_next/static/chunks/node_modules_next_dist_115brz8._.js:2431
[34909227ms] [LOG] [Fast Refresh] rebuilding @ http://localhost:30220/_next/static/chunks/node_modules_next_dist_115brz8._.js:2431
[34909276ms] [LOG] [Fast Refresh] done in 85ms @ http://localhost:30220/_next/static/chunks/node_modules_next_dist_115brz8._.js:2431
[35416308ms] [LOG] [Fast Refresh] rebuilding @ http://localhost:30220/_next/static/chunks/node_modules_next_dist_115brz8._.js:2431
[35416337ms] [LOG] [Fast Refresh] done in 62ms @ http://localhost:30220/_next/static/chunks/node_modules_next_dist_115brz8._.js:2431
[35612733ms] [LOG] [Fast Refresh] rebuilding @ http://localhost:30220/_next/static/chunks/node_modules_next_dist_115brz8._.js:2431
[35612777ms] [LOG] [Fast Refresh] done in 23ms @ http://localhost:30220/_next/static/chunks/node_modules_next_dist_115brz8._.js:2431
[35661057ms] [LOG] [Fast Refresh] rebuilding @ http://localhost:30220/_next/static/chunks/node_modules_next_dist_115brz8._.js:2431
[35661082ms] [LOG] [Fast Refresh] done in 60ms @ http://localhost:30220/_next/static/chunks/node_modules_next_dist_115brz8._.js:2431
[35672641ms] [LOG] [Fast Refresh] rebuilding @ http://localhost:30220/_next/static/chunks/node_modules_next_dist_115brz8._.js:2431
[35672689ms] [LOG] [Fast Refresh] done in 25ms @ http://localhost:30220/_next/static/chunks/node_modules_next_dist_115brz8._.js:2431
[35711621ms] [LOG] [Fast Refresh] rebuilding @ http://localhost:30220/_next/static/chunks/node_modules_next_dist_115brz8._.js:2431
[35711649ms] [LOG] [Fast Refresh] done in 28ms @ http://localhost:30220/_next/static/chunks/node_modules_next_dist_115brz8._.js:2431
[35816508ms] [LOG] [Fast Refresh] rebuilding @ http://localhost:30220/_next/static/chunks/node_modules_next_dist_115brz8._.js:2431
[35816539ms] [LOG] [Fast Refresh] done in 53ms @ http://localhost:30220/_next/static/chunks/node_modules_next_dist_115brz8._.js:2431
[35827033ms] [LOG] [Fast Refresh] rebuilding @ http://localhost:30220/_next/static/chunks/node_modules_next_dist_115brz8._.js:2431
[35827070ms] [LOG] [Fast Refresh] done in 23ms @ http://localhost:30220/_next/static/chunks/node_modules_next_dist_115brz8._.js:2431
[35923392ms] [LOG] [Fast Refresh] rebuilding @ http://localhost:30220/_next/static/chunks/node_modules_next_dist_115brz8._.js:2431
[35923420ms] [LOG] [Fast Refresh] done in 48ms @ http://localhost:30220/_next/static/chunks/node_modules_next_dist_115brz8._.js:2431
[35938984ms] [LOG] [Fast Refresh] rebuilding @ http://localhost:30220/_next/static/chunks/node_modules_next_dist_115brz8._.js:2431
[35939033ms] [LOG] [Fast Refresh] done in 87ms @ http://localhost:30220/_next/static/chunks/node_modules_next_dist_115brz8._.js:2431
[36139532ms] [LOG] [Fast Refresh] rebuilding @ http://localhost:30220/_next/static/chunks/node_modules_next_dist_115brz8._.js:2431
[36139560ms] [LOG] [Fast Refresh] done in 72ms @ http://localhost:30220/_next/static/chunks/node_modules_next_dist_115brz8._.js:2431
[36171125ms] [LOG] [Fast Refresh] rebuilding @ http://localhost:30220/_next/static/chunks/node_modules_next_dist_115brz8._.js:2431
[36171155ms] [LOG] [Fast Refresh] done in 53ms @ http://localhost:30220/_next/static/chunks/node_modules_next_dist_115brz8._.js:2431
[36228861ms] [LOG] [Fast Refresh] rebuilding @ http://localhost:30220/_next/static/chunks/node_modules_next_dist_115brz8._.js:2431
[36228892ms] [LOG] [Fast Refresh] done in 28ms @ http://localhost:30220/_next/static/chunks/node_modules_next_dist_115brz8._.js:2431
[36272959ms] [LOG] [Fast Refresh] rebuilding @ http://localhost:30220/_next/static/chunks/node_modules_next_dist_115brz8._.js:2431
[36272988ms] [LOG] [Fast Refresh] done in 55ms @ http://localhost:30220/_next/static/chunks/node_modules_next_dist_115brz8._.js:2431
[52498768ms] [LOG] [Fast Refresh] rebuilding @ http://localhost:30220/_next/static/chunks/node_modules_next_dist_115brz8._.js:2431
[52498823ms] [LOG] [Fast Refresh] done in 156ms @ http://localhost:30220/_next/static/chunks/node_modules_next_dist_115brz8._.js:2431
[52511950ms] [LOG] [Fast Refresh] rebuilding @ http://localhost:30220/_next/static/chunks/node_modules_next_dist_115brz8._.js:2431
[52512051ms] [LOG] [Fast Refresh] done in 202ms @ http://localhost:30220/_next/static/chunks/node_modules_next_dist_115brz8._.js:2431
[52692265ms] [LOG] [Fast Refresh] rebuilding @ http://localhost:30220/_next/static/chunks/node_modules_next_dist_115brz8._.js:2431
[52692350ms] [LOG] [Fast Refresh] done in 186ms @ http://localhost:30220/_next/static/chunks/node_modules_next_dist_115brz8._.js:2431
[52888571ms] [LOG] [Fast Refresh] rebuilding @ http://localhost:30220/_next/static/chunks/node_modules_next_dist_115brz8._.js:2431
[52888889ms] [LOG] [Fast Refresh] done in 396ms @ http://localhost:30220/_next/static/chunks/node_modules_next_dist_115brz8._.js:2431
[52897920ms] [LOG] [Fast Refresh] rebuilding @ http://localhost:30220/_next/static/chunks/node_modules_next_dist_115brz8._.js:2431
[52898134ms] [LOG] [Fast Refresh] done in 302ms @ http://localhost:30220/_next/static/chunks/node_modules_next_dist_115brz8._.js:2431
[52902243ms] [LOG] [Fast Refresh] rebuilding @ http://localhost:30220/_next/static/chunks/node_modules_next_dist_115brz8._.js:2431
[52902471ms] [LOG] [Fast Refresh] done in 308ms @ http://localhost:30220/_next/static/chunks/node_modules_next_dist_115brz8._.js:2431
[52908316ms] [LOG] [Fast Refresh] rebuilding @ http://localhost:30220/_next/static/chunks/node_modules_next_dist_115brz8._.js:2431
[52908807ms] [LOG] [Fast Refresh] done in 574ms @ http://localhost:30220/_next/static/chunks/node_modules_next_dist_115brz8._.js:2431
[52917068ms] [LOG] [Fast Refresh] rebuilding @ http://localhost:30220/_next/static/chunks/node_modules_next_dist_115brz8._.js:2431
[52917272ms] [LOG] [Fast Refresh] done in 290ms @ http://localhost:30220/_next/static/chunks/node_modules_next_dist_115brz8._.js:2431
[52999053ms] [LOG] [Fast Refresh] rebuilding @ http://localhost:30220/_next/static/chunks/node_modules_next_dist_115brz8._.js:2431
[52999383ms] [LOG] [Fast Refresh] done in 420ms @ http://localhost:30220/_next/static/chunks/node_modules_next_dist_115brz8._.js:2431
[53003952ms] [LOG] [Fast Refresh] rebuilding @ http://localhost:30220/_next/static/chunks/node_modules_next_dist_115brz8._.js:2431
[53004153ms] [LOG] [Fast Refresh] done in 235ms @ http://localhost:30220/_next/static/chunks/node_modules_next_dist_115brz8._.js:2431
[53011023ms] [LOG] [Fast Refresh] rebuilding @ http://localhost:30220/_next/static/chunks/node_modules_next_dist_115brz8._.js:2431
[53011469ms] [LOG] [Fast Refresh] done in 510ms @ http://localhost:30220/_next/static/chunks/node_modules_next_dist_115brz8._.js:2431
[53016844ms] [LOG] [Fast Refresh] rebuilding @ http://localhost:30220/_next/static/chunks/node_modules_next_dist_115brz8._.js:2431
[53017158ms] [LOG] [Fast Refresh] done in 380ms @ http://localhost:30220/_next/static/chunks/node_modules_next_dist_115brz8._.js:2431
[53024742ms] [LOG] [Fast Refresh] rebuilding @ http://localhost:30220/_next/static/chunks/node_modules_next_dist_115brz8._.js:2431
[53024789ms] [LOG] [Fast Refresh] done in 126ms @ http://localhost:30220/_next/static/chunks/node_modules_next_dist_115brz8._.js:2431
[53051437ms] [LOG] [Fast Refresh] rebuilding @ http://localhost:30220/_next/static/chunks/node_modules_next_dist_115brz8._.js:2431
[53051763ms] [LOG] [Fast Refresh] done in 362ms @ http://localhost:30220/_next/static/chunks/node_modules_next_dist_115brz8._.js:2431
[53069228ms] [LOG] [Fast Refresh] rebuilding @ http://localhost:30220/_next/static/chunks/node_modules_next_dist_115brz8._.js:2431
[53069628ms] [LOG] [Fast Refresh] done in 502ms @ http://localhost:30220/_next/static/chunks/node_modules_next_dist_115brz8._.js:2431
[53070210ms] [LOG] [Fast Refresh] rebuilding @ http://localhost:30220/_next/static/chunks/node_modules_next_dist_115brz8._.js:2431
[53070276ms] [LOG] [Fast Refresh] done in 166ms @ http://localhost:30220/_next/static/chunks/node_modules_next_dist_115brz8._.js:2431
[53070424ms] [LOG] [Fast Refresh] rebuilding @ http://localhost:30220/_next/static/chunks/node_modules_next_dist_115brz8._.js:2431
[53070611ms] [LOG] [Fast Refresh] done in 289ms @ http://localhost:30220/_next/static/chunks/node_modules_next_dist_115brz8._.js:2431
[53235230ms] [LOG] [Fast Refresh] rebuilding @ http://localhost:30220/_next/static/chunks/node_modules_next_dist_115brz8._.js:2431
[53235310ms] [LOG] [Fast Refresh] done in 181ms @ http://localhost:30220/_next/static/chunks/node_modules_next_dist_115brz8._.js:2431
[53438589ms] [LOG] [Fast Refresh] rebuilding @ http://localhost:30220/_next/static/chunks/node_modules_next_dist_115brz8._.js:2431
[53439834ms] [WARNING] [Fast Refresh] performing full reload

Fast Refresh will perform a full reload when you edit a file that's imported by modules outside of the React rendering tree.
You might have a file which exports a React component but also exports a value that is imported by a non-React component file.
Consider migrating the non-React component export to a separate file and importing it into both files.

It is also possible the parent component of the component you edited is a class component, which disables Fast Refresh.
Fast Refresh requires at least one parent function component in your React tree. @ http://localhost:30220/_next/static/chunks/node_modules_next_dist_115brz8._.js:2431
[53439836ms] [LOG] [Fast Refresh] done in 1344ms @ http://localhost:30220/_next/static/chunks/node_modules_next_dist_115brz8._.js:2431
[53440063ms] [LOG] [Fast Refresh] rebuilding @ http://localhost:30220/_next/static/chunks/node_modules_next_dist_115brz8._.js:2431
[53440246ms] [LOG] [Fast Refresh] done in 284ms @ http://localhost:30220/_next/static/chunks/node_modules_next_dist_115brz8._.js:2431
[53440396ms] [LOG] [Fast Refresh] rebuilding @ http://localhost:30220/_next/static/chunks/node_modules_next_dist_115brz8._.js:2431
[53440539ms] [LOG] [Fast Refresh] done in 245ms @ http://localhost:30220/_next/static/chunks/node_modules_next_dist_115brz8._.js:2431
[53440768ms] [INFO] %cDownload the React DevTools for a better development experience: https://react.dev/link/react-devtools font-weight:bold @ http://localhost:30220/_next/static/chunks/node_modules_next_dist_115brz8._.js:2431
[53440791ms] [LOG] [HMR] connected @ http://localhost:30220/_next/static/chunks/node_modules_next_dist_115brz8._.js:2431
