[     125ms] [INFO] %cDownload the React DevTools for a better development experience: https://react.dev/link/react-devtools font-weight:bold @ http://localhost:30220/_next/static/chunks/node_modules_next_dist_115brz8._.js:2431
[     163ms] [LOG] [HMR] connected @ http://localhost:30220/_next/static/chunks/node_modules_next_dist_115brz8._.js:2431
[     198ms] [ERROR] Encountered a script tag while rendering React component. Scripts inside React components are never executed when rendering on the client. Consider using template tag instead (https://developer.mozilla.org/en-US/docs/Web/HTML/Element/template). @ http://localhost:30220/_next/static/chunks/node_modules_next_dist_115brz8._.js:3272
[     219ms] Error: Hydration failed because the server rendered HTML didn't match the client. As a result this tree will be regenerated on the client. This can happen if a SSR-ed Client Component used:

- A server/client branch `if (typeof window !== 'undefined')`.
- Variable input such as `Date.now()` or `Math.random()` which changes each time it's called.
- Date formatting in a user's locale which doesn't match the server.
- External changing data without sending a snapshot of it along with the HTML.
- Invalid HTML tag nesting.

It can also happen if the client has a browser extension installed which messes with the HTML before React loaded.

https://react.dev/link/hydration-mismatch

  ...
    <RedirectBoundary>
      <RedirectErrorBoundary router={{...}}>
        <InnerLayoutRouter url="/features" tree={[...]} params={{}} cacheNode={{rsc:{...}, ...}} segmentPath={[...]} ...>
          <SegmentViewNode type="layout" pagePath="(marketing...">
            <SegmentTrieNode>
            <script>
            <script>
            <script>
            <MarketingLayout>
              <div className="marketing-...">
                <MarketingHeader>
                  <header className="sticky top...">
                    <div className="relative">
                      <div>
                      <div className="relative z...">
                        <div className="mx-auto fl...">
                          <LinkComponent>
                          <nav>
                          <div className="flex items...">
                            <ThemeToggle>
                              <button
                                type="button"
                                onClick={function onClick}
                                className="inline-flex h-10 w-10 items-center justify-center rounded-full border borde..."
+                               aria-label="Switch to light mode"
-                               aria-label="Switch to dark mode"
+                               title="Switch to light mode"
-                               title="Switch to dark mode"
                              >
                                <Sun className="h-4 w-4">
                                  <svg
                                    ref={null}
                                    xmlns="http://www.w3.org/2000/svg"
                                    width={24}
                                    height={24}
                                    viewBox="0 0 24 24"
                                    fill="none"
                                    stroke="currentColor"
                                    strokeWidth={2}
                                    strokeLinecap="round"
                                    strokeLinejoin="round"
+                                   className="lucide lucide-sun h-4 w-4"
-                                   className="lucide lucide-moon h-4 w-4"
                                    aria-hidden="true"
                                  >
+                                   <circle cx="12" cy="12" r="4">
-                                   <path
-                                     d="M20.985 12.486a9 9 0 1 1-9.473-9.472c.405-.022.617.46.402.803a6 6 0 0 0 8.268..."
-                                   >
                                    ...
                            ...
                      ...
                ...
        ...

    at throwOnHydrationMismatch (http://localhost:30220/_next/static/chunks/node_modules_next_dist_compiled_react-dom_058-ah~._.js:3318:56)
    at beginWork (http://localhost:30220/_next/static/chunks/node_modules_next_dist_compiled_react-dom_058-ah~._.js:6758:918)
    at runWithFiberInDEV (http://localhost:30220/_next/static/chunks/node_modules_next_dist_compiled_react-dom_058-ah~._.js:965:74)
    at performUnitOfWork (http://localhost:30220/_next/static/chunks/node_modules_next_dist_compiled_react-dom_058-ah~._.js:9555:97)
    at workLoopConcurrentByScheduler (http://localhost:30220/_next/static/chunks/node_modules_next_dist_compiled_react-dom_058-ah~._.js:9551:58)
    at renderRootConcurrent (http://localhost:30220/_next/static/chunks/node_modules_next_dist_compiled_react-dom_058-ah~._.js:9534:71)
    at performWorkOnRoot (http://localhost:30220/_next/static/chunks/node_modules_next_dist_compiled_react-dom_058-ah~._.js:9061:150)
    at performWorkOnRootViaSchedulerTask (http://localhost:30220/_next/static/chunks/node_modules_next_dist_compiled_react-dom_058-ah~._.js:10255:9)
    at MessagePort.performWorkUntilDeadline (http://localhost:30220/_next/static/chunks/node_modules_next_dist_compiled_0rpq4pf._.js:2647:64)
[     216ms] [ERROR] Failed to load resource: the server responded with a status of 404 (Not Found) @ http://localhost:30220/favicon.ico:0
[     272ms] [LOG] [Fast Refresh] rebuilding @ http://localhost:30220/_next/static/chunks/node_modules_next_dist_115brz8._.js:2431
[     282ms] [LOG] [Fast Refresh] done in 111ms @ http://localhost:30220/_next/static/chunks/node_modules_next_dist_115brz8._.js:2431
[   86215ms] [LOG] [Fast Refresh] rebuilding @ http://localhost:30220/_next/static/chunks/node_modules_next_dist_115brz8._.js:2431
[   86630ms] [LOG] [Fast Refresh] done in 487ms @ http://localhost:30220/_next/static/chunks/node_modules_next_dist_115brz8._.js:2431
[   86835ms] [INFO] %cDownload the React DevTools for a better development experience: https://react.dev/link/react-devtools font-weight:bold @ http://localhost:30220/_next/static/chunks/node_modules_next_dist_115brz8._.js:2431
[   86847ms] [LOG] [HMR] connected @ http://localhost:30220/_next/static/chunks/node_modules_next_dist_115brz8._.js:2431
[   86962ms] [LOG] [Fast Refresh] rebuilding @ http://localhost:30220/_next/static/chunks/node_modules_next_dist_115brz8._.js:2431
[   87098ms] [LOG] [Fast Refresh] done in 237ms @ http://localhost:30220/_next/static/chunks/node_modules_next_dist_115brz8._.js:2431
